<testsuite tests="4">
  <testcase classname="ab_TileWall_Tests" name="TestGetAll" time="674" />
  <testcase classname="ab_TileWall_Tests" name="TestSOQLQuery" time="29" />
  <testcase classname="ab_TileWall_Tests" name="TestSOQLQuerySearch" time="37" />
  <testcase classname="ab_TileWall_Tests" name="TestSearch" time="14" />
</testsuite>